<testsuites id="" name="" tests="6" failures="1" skipped="0" errors="0" time="150.50042499999998">
<testsuite name="e2e\complete-project-video-evidence.spec.ts" timestamp="2025-07-14T14:22:23.598Z" hostname="chromium" tests="1" failures="0" skipped="0" time="130.066" errors="0">
<testcase name="EduCreate 完整項目影片證據錄製 › 錄製所有子項目成功證明影片" classname="e2e\complete-project-video-evidence.spec.ts" time="130.066">
<system-out>
<![CDATA[🎬 開始錄製 EduCreate 所有子項目成功證明影片...
🎬 第一部分: 主頁和統一導航系統
✅ 主頁成功載入
✅ 統一導航系統正常
✅ 功能卡片 feature-smart-sorting 展示完成
✅ 功能卡片 feature-folder-analytics 展示完成
✅ 功能卡片 feature-memory-games 展示完成
✅ 功能卡片 feature-folder-collaboration 展示完成
🎬 第二部分: 儀表板系統
✅ 儀表板成功載入
✅ 統計卡片 stats-total 展示完成
✅ 統計卡片 stats-available 展示完成
✅ 統計卡片 stats-development 展示完成
✅ 統計卡片 stats-coming-soon 展示完成
✅ 儀表板功能卡片 feature-card-smart-sorting 展示完成
✅ 儀表板功能卡片 feature-card-folder-analytics 展示完成
✅ 儀表板功能卡片 feature-card-content-editor 展示完成
✅ 儀表板功能卡片 feature-card-auto-save 展示完成
✅ 儀表板功能卡片 feature-card-file-manager 展示完成
✅ 儀表板功能卡片 feature-card-folder-collaboration 展示完成
🎬 第三部分: 智能排序系統
✅ 智能排序系統頁面載入成功
✅ 智能排序系統展示完成
🎬 第四部分: 檔案夾統計分析
✅ 檔案夾統計分析頁面載入成功
✅ 檔案夾統計分析展示完成
🎬 第五部分: 自動保存系統
✅ 自動保存系統頁面載入成功
✅ 自動保存系統展示完成
🎬 第六部分: 內容編輯器
✅ 內容編輯器頁面載入成功
✅ 內容編輯功能展示完成
🎬 第七部分: 檔案管理器
✅ 檔案管理器頁面載入成功
✅ 檔案管理器展示完成
🎬 第八部分: 檔案夾協作系統
✅ 檔案夾協作系統頁面載入成功
✅ overview 標籤展示完成
✅ collaborators 標籤展示完成
✅ sharing 標籤展示完成
✅ invitations 標籤展示完成
✅ activity 標籤展示完成
✅ 檔案夾協作系統展示完成
🎬 第九部分: 響應式設計展示
✅ 桌面 視圖展示完成
✅ 平板 視圖展示完成
✅ 手機 視圖展示完成
🎬 第十部分: 最終總結
🎉 EduCreate 完整項目影片證據錄製完成！
📊 完整項目錄製報告: {
  "title": "EduCreate 完整項目成功證明影片",
  "duration": "約 8-10 分鐘",
  "sections": [
    "主頁和統一導航系統",
    "儀表板系統",
    "智能排序系統",
    "檔案夾統計分析",
    "自動保存系統",
    "內容編輯器",
    "檔案管理器",
    "檔案夾協作系統",
    "響應式設計展示",
    "最終總結"
  ],
  "verifiedFeatures": [
    "統一導航系統整合",
    "主儀表板功能展示",
    "智能排序功能",
    "檔案夾統計分析",
    "自動保存系統",
    "內容編輯器",
    "檔案管理器",
    "檔案夾協作系統",
    "響應式設計",
    "跨功能導航"
  ],
  "timestamp": "2025-07-14T14:24:35.095Z",
  "status": "completed"
}

[[ATTACHMENT|e2e-complete-project-video-17c4e-te-完整項目影片證據錄製-錄製所有子項目成功證明影片-chromium\test-finished-1.png]]

[[ATTACHMENT|e2e-complete-project-video-17c4e-te-完整項目影片證據錄製-錄製所有子項目成功證明影片-chromium\video.webm]]
]]>
</system-out>
</testcase>
</testsuite>
<testsuite name="e2e\complete-project-video-evidence.spec.ts" timestamp="2025-07-14T14:22:23.598Z" hostname="firefox" tests="1" failures="1" skipped="0" time="126.447" errors="0">
<testcase name="EduCreate 完整項目影片證據錄製 › 錄製所有子項目成功證明影片" classname="e2e\complete-project-video-evidence.spec.ts" time="126.447">
<failure message="complete-project-video-evidence.spec.ts:9:7 錄製所有子項目成功證明影片" type="FAILURE">
<![CDATA[  [firefox] › e2e\complete-project-video-evidence.spec.ts:9:7 › EduCreate 完整項目影片證據錄製 › 錄製所有子項目成功證明影片 

    TimeoutError: locator.hover: Timeout 10000ms exceeded.
    Call log:
      - waiting for locator('[data-testid^="file-item-"]').nth(2)
        - locator resolved to <div data-testid="file-item-file_1" class="px-6 py-4 hover:bg-gray-50 transition-colors ">…</div>
      - attempting hover action
        - waiting for element to be visible and stable


      268 |         const fileCount = await fileItems.count();
      269 |         for (let i = 0; i < Math.min(fileCount, 3); i++) {
    > 270 |           await fileItems.nth(i).hover();
          |                                  ^
      271 |           await page.waitForTimeout(800);
      272 |         }
      273 |         
        at C:\Users\Administrator\Desktop\EduCreate\tests\e2e\complete-project-video-evidence.spec.ts:270:34

    attachment #1: screenshot (image/png) ──────────────────────────────────────────────────────────
    test-results\e2e-complete-project-video-17c4e-te-完整項目影片證據錄製-錄製所有子項目成功證明影片-firefox\test-failed-1.png
    ────────────────────────────────────────────────────────────────────────────────────────────────

    attachment #2: video (video/webm) ──────────────────────────────────────────────────────────────
    test-results\e2e-complete-project-video-17c4e-te-完整項目影片證據錄製-錄製所有子項目成功證明影片-firefox\video.webm
    ────────────────────────────────────────────────────────────────────────────────────────────────

    Error Context: ..\test-results\e2e-complete-project-video-17c4e-te-完整項目影片證據錄製-錄製所有子項目成功證明影片-firefox\error-context.md

    Retry #1 ───────────────────────────────────────────────────────────────────────────────────────

    TimeoutError: locator.hover: Timeout 10000ms exceeded.
    Call log:
      - waiting for locator('[data-testid="feature-memory-games"]')
        - locator resolved to <div data-testid="feature-memory-games" class="bg-white rounded-xl shadow-lg p-8 hover:shadow-xl transition-shadow">…</div>
      - attempting hover action
        - waiting for element to be visible and stable


      42 |           await card.scrollIntoViewIfNeeded();
      43 |           await page.waitForTimeout(1500);
    > 44 |           await card.hover();
         |                      ^
      45 |           await page.waitForTimeout(1000);
      46 |           console.log(`✅ 功能卡片 ${cardId} 展示完成`);
      47 |         }
        at C:\Users\Administrator\Desktop\EduCreate\tests\e2e\complete-project-video-evidence.spec.ts:44:22

    attachment #1: screenshot (image/png) ──────────────────────────────────────────────────────────
    test-results\e2e-complete-project-video-17c4e-te-完整項目影片證據錄製-錄製所有子項目成功證明影片-firefox-retry1\test-failed-1.png
    ────────────────────────────────────────────────────────────────────────────────────────────────

    attachment #2: video (video/webm) ──────────────────────────────────────────────────────────────
    test-results\e2e-complete-project-video-17c4e-te-完整項目影片證據錄製-錄製所有子項目成功證明影片-firefox-retry1\video.webm
    ────────────────────────────────────────────────────────────────────────────────────────────────

    Error Context: ..\test-results\e2e-complete-project-video-17c4e-te-完整項目影片證據錄製-錄製所有子項目成功證明影片-firefox-retry1\error-context.md

    attachment #4: trace (application/zip) ─────────────────────────────────────────────────────────
    test-results\e2e-complete-project-video-17c4e-te-完整項目影片證據錄製-錄製所有子項目成功證明影片-firefox-retry1\trace.zip
    Usage:

        npx playwright show-trace test-results\e2e-complete-project-video-17c4e-te-完整項目影片證據錄製-錄製所有子項目成功證明影片-firefox-retry1\trace.zip

    ────────────────────────────────────────────────────────────────────────────────────────────────
]]>
</failure>
<system-out>
<![CDATA[🎬 開始錄製 EduCreate 所有子項目成功證明影片...
🎬 第一部分: 主頁和統一導航系統
✅ 主頁成功載入
✅ 統一導航系統正常
✅ 功能卡片 feature-smart-sorting 展示完成
✅ 功能卡片 feature-folder-analytics 展示完成
✅ 功能卡片 feature-memory-games 展示完成
✅ 功能卡片 feature-folder-collaboration 展示完成
🎬 第二部分: 儀表板系統
✅ 儀表板成功載入
✅ 統計卡片 stats-total 展示完成
✅ 統計卡片 stats-available 展示完成
✅ 統計卡片 stats-development 展示完成
✅ 統計卡片 stats-coming-soon 展示完成
✅ 儀表板功能卡片 feature-card-smart-sorting 展示完成
✅ 儀表板功能卡片 feature-card-folder-analytics 展示完成
✅ 儀表板功能卡片 feature-card-content-editor 展示完成
✅ 儀表板功能卡片 feature-card-auto-save 展示完成
✅ 儀表板功能卡片 feature-card-file-manager 展示完成
✅ 儀表板功能卡片 feature-card-folder-collaboration 展示完成
🎬 第三部分: 智能排序系統
✅ 智能排序系統頁面載入成功
✅ 智能排序系統展示完成
🎬 第四部分: 檔案夾統計分析
✅ 檔案夾統計分析頁面載入成功
✅ 檔案夾統計分析展示完成
🎬 第五部分: 自動保存系統
✅ 自動保存系統頁面載入成功
✅ 自動保存系統展示完成
🎬 第六部分: 內容編輯器
✅ 內容編輯器頁面載入成功
✅ 內容編輯功能展示完成
🎬 第七部分: 檔案管理器
✅ 檔案管理器頁面載入成功

[[ATTACHMENT|e2e-complete-project-video-17c4e-te-完整項目影片證據錄製-錄製所有子項目成功證明影片-firefox\test-failed-1.png]]

[[ATTACHMENT|e2e-complete-project-video-17c4e-te-完整項目影片證據錄製-錄製所有子項目成功證明影片-firefox\video.webm]]

[[ATTACHMENT|e2e-complete-project-video-17c4e-te-完整項目影片證據錄製-錄製所有子項目成功證明影片-firefox\error-context.md]]
🎬 開始錄製 EduCreate 所有子項目成功證明影片...
🎬 第一部分: 主頁和統一導航系統
✅ 主頁成功載入
✅ 統一導航系統正常
✅ 功能卡片 feature-smart-sorting 展示完成
✅ 功能卡片 feature-folder-analytics 展示完成

[[ATTACHMENT|e2e-complete-project-video-17c4e-te-完整項目影片證據錄製-錄製所有子項目成功證明影片-firefox-retry1\test-failed-1.png]]

[[ATTACHMENT|e2e-complete-project-video-17c4e-te-完整項目影片證據錄製-錄製所有子項目成功證明影片-firefox-retry1\video.webm]]

[[ATTACHMENT|e2e-complete-project-video-17c4e-te-完整項目影片證據錄製-錄製所有子項目成功證明影片-firefox-retry1\error-context.md]]

[[ATTACHMENT|e2e-complete-project-video-17c4e-te-完整項目影片證據錄製-錄製所有子項目成功證明影片-firefox-retry1\trace.zip]]
]]>
</system-out>
<system-err>
<![CDATA[❌ 完整項目影片錄製失敗: locator.hover: Timeout 10000ms exceeded.
Call log:
[2m  - waiting for locator('[data-testid^="file-item-"]').nth(2)[22m
[2m    - locator resolved to <div data-testid="file-item-file_1" class="px-6 py-4 hover:bg-gray-50 transition-colors ">…</div>[22m
[2m  - attempting hover action[22m
[2m    - waiting for element to be visible and stable[22m

    at [90mC:\Users\Administrator\Desktop\EduCreate\[39mtests\e2e\complete-project-video-evidence.spec.ts:270:34 {
  name: [32m'TimeoutError'[39m,
  [32mSymbol(step)[39m: {
    stepId: [32m'pw:api@160'[39m,
    location: {
      file: [32m'C:\\Users\\Administrator\\Desktop\\EduCreate\\tests\\e2e\\complete-project-video-evidence.spec.ts'[39m,
      line: [33m270[39m,
      column: [33m34[39m
    },
    category: [32m'pw:api'[39m,
    title: [32m`Hover locator('[data-testid^="file-item-"]').nth(2)`[39m,
    apiName: [32m'locator.hover'[39m,
    params: {
      selector: [32m'[data-testid^="file-item-"] >> nth=2'[39m,
      strict: [33mtrue[39m,
      timeout: [33m10000[39m
    },
    boxedStack: [90mundefined[39m,
    steps: [],
    attachmentIndices: [],
    info: TestStepInfoImpl {
      annotations: [],
      _testInfo: [36m[TestInfoImpl][39m,
      _stepId: [32m'pw:api@160'[39m
    },
    complete: [36m[Function: complete][39m,
    endWallTime: [33m1752503045679[39m,
    error: {
      message: [32m'TimeoutError: locator.hover: Timeout 10000ms exceeded.\n'[39m +
        [32m'Call log:\n'[39m +
        [32m`\x1B[2m  - waiting for locator('[data-testid^="file-item-"]').nth(2)\x1B[22m\n`[39m +
        [32m'\x1B[2m    - locator resolved to <div data-testid="file-item-file_1" class="px-6 py-4 hover:bg-gray-50 transition-colors ">…</div>\x1B[22m\n'[39m +
        [32m'\x1B[2m  - attempting hover action\x1B[22m\n'[39m +
        [32m'\x1B[2m    - waiting for element to be visible and stable\x1B[22m\n'[39m,
      stack: [32m'TimeoutError: locator.hover: Timeout 10000ms exceeded.\n'[39m +
        [32m'Call log:\n'[39m +
        [32m`\x1B[2m  - waiting for locator('[data-testid^="file-item-"]').nth(2)\x1B[22m\n`[39m +
        [32m'\x1B[2m    - locator resolved to <div data-testid="file-item-file_1" class="px-6 py-4 hover:bg-gray-50 transition-colors ">…</div>\x1B[22m\n'[39m +
        [32m'\x1B[2m  - attempting hover action\x1B[22m\n'[39m +
        [32m'\x1B[2m    - waiting for element to be visible and stable\x1B[22m\n'[39m +
        [32m'\n'[39m +
        [32m'    at C:\\Users\\Administrator\\Desktop\\EduCreate\\tests\\e2e\\complete-project-video-evidence.spec.ts:270:34'[39m,
      cause: [90mundefined[39m
    }
  }
}
❌ 完整項目影片錄製失敗: locator.hover: Timeout 10000ms exceeded.
Call log:
[2m  - waiting for locator('[data-testid="feature-memory-games"]')[22m
[2m    - locator resolved to <div data-testid="feature-memory-games" class="bg-white rounded-xl shadow-lg p-8 hover:shadow-xl transition-shadow">…</div>[22m
[2m  - attempting hover action[22m
[2m    - waiting for element to be visible and stable[22m

    at [90mC:\Users\Administrator\Desktop\EduCreate\[39mtests\e2e\complete-project-video-evidence.spec.ts:44:22 {
  name: [32m'TimeoutError'[39m,
  [32mSymbol(step)[39m: {
    stepId: [32m'pw:api@25'[39m,
    location: {
      file: [32m'C:\\Users\\Administrator\\Desktop\\EduCreate\\tests\\e2e\\complete-project-video-evidence.spec.ts'[39m,
      line: [33m44[39m,
      column: [33m22[39m
    },
    category: [32m'pw:api'[39m,
    title: [32m`Hover locator('[data-testid="feature-memory-games"]')`[39m,
    apiName: [32m'locator.hover'[39m,
    params: {
      selector: [32m'[data-testid="feature-memory-games"]'[39m,
      strict: [33mtrue[39m,
      timeout: [33m10000[39m
    },
    boxedStack: [90mundefined[39m,
    steps: [],
    attachmentIndices: [],
    info: TestStepInfoImpl {
      annotations: [],
      _testInfo: [36m[TestInfoImpl][39m,
      _stepId: [32m'pw:api@25'[39m
    },
    complete: [36m[Function: complete][39m,
    endWallTime: [33m1752503074199[39m,
    error: {
      message: [32m'TimeoutError: locator.hover: Timeout 10000ms exceeded.\n'[39m +
        [32m'Call log:\n'[39m +
        [32m`\x1B[2m  - waiting for locator('[data-testid="feature-memory-games"]')\x1B[22m\n`[39m +
        [32m'\x1B[2m    - locator resolved to <div data-testid="feature-memory-games" class="bg-white rounded-xl shadow-lg p-8 hover:shadow-xl transition-shadow">…</div>\x1B[22m\n'[39m +
        [32m'\x1B[2m  - attempting hover action\x1B[22m\n'[39m +
        [32m'\x1B[2m    - waiting for element to be visible and stable\x1B[22m\n'[39m,
      stack: [32m'TimeoutError: locator.hover: Timeout 10000ms exceeded.\n'[39m +
        [32m'Call log:\n'[39m +
        [32m`\x1B[2m  - waiting for locator('[data-testid="feature-memory-games"]')\x1B[22m\n`[39m +
        [32m'\x1B[2m    - locator resolved to <div data-testid="feature-memory-games" class="bg-white rounded-xl shadow-lg p-8 hover:shadow-xl transition-shadow">…</div>\x1B[22m\n'[39m +
        [32m'\x1B[2m  - attempting hover action\x1B[22m\n'[39m +
        [32m'\x1B[2m    - waiting for element to be visible and stable\x1B[22m\n'[39m +
        [32m'\n'[39m +
        [32m'    at C:\\Users\\Administrator\\Desktop\\EduCreate\\tests\\e2e\\complete-project-video-evidence.spec.ts:44:22'[39m,
      cause: [90mundefined[39m
    }
  }
}
]]>
</system-err>
</testcase>
</testsuite>
<testsuite name="e2e\complete-project-video-evidence.spec.ts" timestamp="2025-07-14T14:22:23.598Z" hostname="webkit" tests="1" failures="0" skipped="0" time="141.229" errors="0">
<testcase name="EduCreate 完整項目影片證據錄製 › 錄製所有子項目成功證明影片" classname="e2e\complete-project-video-evidence.spec.ts" time="141.229">
<system-out>
<![CDATA[🎬 開始錄製 EduCreate 所有子項目成功證明影片...
🎬 第一部分: 主頁和統一導航系統
✅ 主頁成功載入
✅ 統一導航系統正常
✅ 功能卡片 feature-smart-sorting 展示完成
✅ 功能卡片 feature-folder-analytics 展示完成
✅ 功能卡片 feature-memory-games 展示完成
✅ 功能卡片 feature-folder-collaboration 展示完成
🎬 第二部分: 儀表板系統
✅ 儀表板成功載入
✅ 統計卡片 stats-total 展示完成
✅ 統計卡片 stats-available 展示完成
✅ 統計卡片 stats-development 展示完成
✅ 統計卡片 stats-coming-soon 展示完成
✅ 儀表板功能卡片 feature-card-smart-sorting 展示完成
✅ 儀表板功能卡片 feature-card-folder-analytics 展示完成
✅ 儀表板功能卡片 feature-card-content-editor 展示完成
✅ 儀表板功能卡片 feature-card-auto-save 展示完成
✅ 儀表板功能卡片 feature-card-file-manager 展示完成
✅ 儀表板功能卡片 feature-card-folder-collaboration 展示完成
🎬 第三部分: 智能排序系統
✅ 智能排序系統頁面載入成功
✅ 智能排序系統展示完成
🎬 第四部分: 檔案夾統計分析
✅ 檔案夾統計分析頁面載入成功
✅ 檔案夾統計分析展示完成
🎬 第五部分: 自動保存系統
✅ 自動保存系統頁面載入成功
✅ 自動保存系統展示完成
🎬 第六部分: 內容編輯器
✅ 內容編輯器頁面載入成功
✅ 內容編輯功能展示完成
🎬 第七部分: 檔案管理器
✅ 檔案管理器頁面載入成功
✅ 檔案管理器展示完成
🎬 第八部分: 檔案夾協作系統
✅ 檔案夾協作系統頁面載入成功
✅ overview 標籤展示完成
✅ collaborators 標籤展示完成
✅ sharing 標籤展示完成
✅ invitations 標籤展示完成
✅ activity 標籤展示完成
✅ 檔案夾協作系統展示完成
🎬 第九部分: 響應式設計展示
✅ 桌面 視圖展示完成
✅ 平板 視圖展示完成
✅ 手機 視圖展示完成
🎬 第十部分: 最終總結
🎉 EduCreate 完整項目影片證據錄製完成！
📊 完整項目錄製報告: {
  "title": "EduCreate 完整項目成功證明影片",
  "duration": "約 8-10 分鐘",
  "sections": [
    "主頁和統一導航系統",
    "儀表板系統",
    "智能排序系統",
    "檔案夾統計分析",
    "自動保存系統",
    "內容編輯器",
    "檔案管理器",
    "檔案夾協作系統",
    "響應式設計展示",
    "最終總結"
  ],
  "verifiedFeatures": [
    "統一導航系統整合",
    "主儀表板功能展示",
    "智能排序功能",
    "檔案夾統計分析",
    "自動保存系統",
    "內容編輯器",
    "檔案管理器",
    "檔案夾協作系統",
    "響應式設計",
    "跨功能導航"
  ],
  "timestamp": "2025-07-14T14:24:45.788Z",
  "status": "completed"
}

[[ATTACHMENT|e2e-complete-project-video-17c4e-te-完整項目影片證據錄製-錄製所有子項目成功證明影片-webkit\test-finished-1.png]]

[[ATTACHMENT|e2e-complete-project-video-17c4e-te-完整項目影片證據錄製-錄製所有子項目成功證明影片-webkit\video.webm]]
]]>
</system-out>
</testcase>
</testsuite>
<testsuite name="e2e\complete-project-video-evidence.spec.ts" timestamp="2025-07-14T14:22:23.598Z" hostname="Mobile Chrome" tests="1" failures="0" skipped="0" time="130.532" errors="0">
<testcase name="EduCreate 完整項目影片證據錄製 › 錄製所有子項目成功證明影片" classname="e2e\complete-project-video-evidence.spec.ts" time="130.532">
<system-out>
<![CDATA[🎬 開始錄製 EduCreate 所有子項目成功證明影片...
🎬 第一部分: 主頁和統一導航系統
✅ 主頁成功載入
✅ 統一導航系統正常
✅ 功能卡片 feature-smart-sorting 展示完成
✅ 功能卡片 feature-folder-analytics 展示完成
✅ 功能卡片 feature-memory-games 展示完成
✅ 功能卡片 feature-folder-collaboration 展示完成
🎬 第二部分: 儀表板系統
✅ 儀表板成功載入
✅ 統計卡片 stats-total 展示完成
✅ 統計卡片 stats-available 展示完成
✅ 統計卡片 stats-development 展示完成
✅ 統計卡片 stats-coming-soon 展示完成
✅ 儀表板功能卡片 feature-card-smart-sorting 展示完成
✅ 儀表板功能卡片 feature-card-folder-analytics 展示完成
✅ 儀表板功能卡片 feature-card-content-editor 展示完成
✅ 儀表板功能卡片 feature-card-auto-save 展示完成
✅ 儀表板功能卡片 feature-card-file-manager 展示完成
✅ 儀表板功能卡片 feature-card-folder-collaboration 展示完成
🎬 第三部分: 智能排序系統
✅ 智能排序系統頁面載入成功
✅ 智能排序系統展示完成
🎬 第四部分: 檔案夾統計分析
✅ 檔案夾統計分析頁面載入成功
✅ 檔案夾統計分析展示完成
🎬 第五部分: 自動保存系統
✅ 自動保存系統頁面載入成功
✅ 自動保存系統展示完成
🎬 第六部分: 內容編輯器
✅ 內容編輯器頁面載入成功
✅ 內容編輯功能展示完成
🎬 第七部分: 檔案管理器
✅ 檔案管理器頁面載入成功
✅ 檔案管理器展示完成
🎬 第八部分: 檔案夾協作系統
✅ 檔案夾協作系統頁面載入成功
✅ overview 標籤展示完成
✅ collaborators 標籤展示完成
✅ sharing 標籤展示完成
✅ invitations 標籤展示完成
✅ activity 標籤展示完成
✅ 檔案夾協作系統展示完成
🎬 第九部分: 響應式設計展示
✅ 桌面 視圖展示完成
✅ 平板 視圖展示完成
✅ 手機 視圖展示完成
🎬 第十部分: 最終總結
🎉 EduCreate 完整項目影片證據錄製完成！
📊 完整項目錄製報告: {
  "title": "EduCreate 完整項目成功證明影片",
  "duration": "約 8-10 分鐘",
  "sections": [
    "主頁和統一導航系統",
    "儀表板系統",
    "智能排序系統",
    "檔案夾統計分析",
    "自動保存系統",
    "內容編輯器",
    "檔案管理器",
    "檔案夾協作系統",
    "響應式設計展示",
    "最終總結"
  ],
  "verifiedFeatures": [
    "統一導航系統整合",
    "主儀表板功能展示",
    "智能排序功能",
    "檔案夾統計分析",
    "自動保存系統",
    "內容編輯器",
    "檔案管理器",
    "檔案夾協作系統",
    "響應式設計",
    "跨功能導航"
  ],
  "timestamp": "2025-07-14T14:24:35.095Z",
  "status": "completed"
}

[[ATTACHMENT|e2e-complete-project-video-17c4e-te-完整項目影片證據錄製-錄製所有子項目成功證明影片-Mobile-Chrome\test-finished-1.png]]

[[ATTACHMENT|e2e-complete-project-video-17c4e-te-完整項目影片證據錄製-錄製所有子項目成功證明影片-Mobile-Chrome\video.webm]]
]]>
</system-out>
</testcase>
</testsuite>
<testsuite name="e2e\complete-project-video-evidence.spec.ts" timestamp="2025-07-14T14:22:23.598Z" hostname="Mobile Safari" tests="1" failures="0" skipped="0" time="141" errors="0">
<testcase name="EduCreate 完整項目影片證據錄製 › 錄製所有子項目成功證明影片" classname="e2e\complete-project-video-evidence.spec.ts" time="141">
<system-out>
<![CDATA[🎬 開始錄製 EduCreate 所有子項目成功證明影片...
🎬 第一部分: 主頁和統一導航系統
✅ 主頁成功載入
✅ 統一導航系統正常
✅ 功能卡片 feature-smart-sorting 展示完成
✅ 功能卡片 feature-folder-analytics 展示完成
✅ 功能卡片 feature-memory-games 展示完成
✅ 功能卡片 feature-folder-collaboration 展示完成
🎬 第二部分: 儀表板系統
✅ 儀表板成功載入
✅ 統計卡片 stats-total 展示完成
✅ 統計卡片 stats-available 展示完成
✅ 統計卡片 stats-development 展示完成
✅ 統計卡片 stats-coming-soon 展示完成
✅ 儀表板功能卡片 feature-card-smart-sorting 展示完成
✅ 儀表板功能卡片 feature-card-folder-analytics 展示完成
✅ 儀表板功能卡片 feature-card-content-editor 展示完成
✅ 儀表板功能卡片 feature-card-auto-save 展示完成
✅ 儀表板功能卡片 feature-card-file-manager 展示完成
✅ 儀表板功能卡片 feature-card-folder-collaboration 展示完成
🎬 第三部分: 智能排序系統
✅ 智能排序系統頁面載入成功
✅ 智能排序系統展示完成
🎬 第四部分: 檔案夾統計分析
✅ 檔案夾統計分析頁面載入成功
✅ 檔案夾統計分析展示完成
🎬 第五部分: 自動保存系統
✅ 自動保存系統頁面載入成功
✅ 自動保存系統展示完成
🎬 第六部分: 內容編輯器
✅ 內容編輯器頁面載入成功
✅ 內容編輯功能展示完成
🎬 第七部分: 檔案管理器
✅ 檔案管理器頁面載入成功
✅ 檔案管理器展示完成
🎬 第八部分: 檔案夾協作系統
✅ 檔案夾協作系統頁面載入成功
✅ overview 標籤展示完成
✅ collaborators 標籤展示完成
✅ sharing 標籤展示完成
✅ invitations 標籤展示完成
✅ activity 標籤展示完成
✅ 檔案夾協作系統展示完成
🎬 第九部分: 響應式設計展示
✅ 桌面 視圖展示完成
✅ 平板 視圖展示完成
✅ 手機 視圖展示完成
🎬 第十部分: 最終總結
🎉 EduCreate 完整項目影片證據錄製完成！
📊 完整項目錄製報告: {
  "title": "EduCreate 完整項目成功證明影片",
  "duration": "約 8-10 分鐘",
  "sections": [
    "主頁和統一導航系統",
    "儀表板系統",
    "智能排序系統",
    "檔案夾統計分析",
    "自動保存系統",
    "內容編輯器",
    "檔案管理器",
    "檔案夾協作系統",
    "響應式設計展示",
    "最終總結"
  ],
  "verifiedFeatures": [
    "統一導航系統整合",
    "主儀表板功能展示",
    "智能排序功能",
    "檔案夾統計分析",
    "自動保存系統",
    "內容編輯器",
    "檔案管理器",
    "檔案夾協作系統",
    "響應式設計",
    "跨功能導航"
  ],
  "timestamp": "2025-07-14T14:24:45.194Z",
  "status": "completed"
}

[[ATTACHMENT|e2e-complete-project-video-17c4e-te-完整項目影片證據錄製-錄製所有子項目成功證明影片-Mobile-Safari\test-finished-1.png]]

[[ATTACHMENT|e2e-complete-project-video-17c4e-te-完整項目影片證據錄製-錄製所有子項目成功證明影片-Mobile-Safari\video.webm]]
]]>
</system-out>
</testcase>
</testsuite>
<testsuite name="e2e\complete-project-video-evidence.spec.ts" timestamp="2025-07-14T14:22:23.598Z" hostname="Tablet" tests="1" failures="0" skipped="0" time="129.991" errors="0">
<testcase name="EduCreate 完整項目影片證據錄製 › 錄製所有子項目成功證明影片" classname="e2e\complete-project-video-evidence.spec.ts" time="129.991">
<system-out>
<![CDATA[🎬 開始錄製 EduCreate 所有子項目成功證明影片...
🎬 第一部分: 主頁和統一導航系統
✅ 主頁成功載入
✅ 統一導航系統正常
✅ 功能卡片 feature-smart-sorting 展示完成
✅ 功能卡片 feature-folder-analytics 展示完成
✅ 功能卡片 feature-memory-games 展示完成
✅ 功能卡片 feature-folder-collaboration 展示完成
🎬 第二部分: 儀表板系統
✅ 儀表板成功載入
✅ 統計卡片 stats-total 展示完成
✅ 統計卡片 stats-available 展示完成
✅ 統計卡片 stats-development 展示完成
✅ 統計卡片 stats-coming-soon 展示完成
✅ 儀表板功能卡片 feature-card-smart-sorting 展示完成
✅ 儀表板功能卡片 feature-card-folder-analytics 展示完成
✅ 儀表板功能卡片 feature-card-content-editor 展示完成
✅ 儀表板功能卡片 feature-card-auto-save 展示完成
✅ 儀表板功能卡片 feature-card-file-manager 展示完成
✅ 儀表板功能卡片 feature-card-folder-collaboration 展示完成
🎬 第三部分: 智能排序系統
✅ 智能排序系統頁面載入成功
✅ 智能排序系統展示完成
🎬 第四部分: 檔案夾統計分析
✅ 檔案夾統計分析頁面載入成功
✅ 檔案夾統計分析展示完成
🎬 第五部分: 自動保存系統
✅ 自動保存系統頁面載入成功
✅ 自動保存系統展示完成
🎬 第六部分: 內容編輯器
✅ 內容編輯器頁面載入成功
✅ 內容編輯功能展示完成
🎬 第七部分: 檔案管理器
✅ 檔案管理器頁面載入成功
✅ 檔案管理器展示完成
🎬 第八部分: 檔案夾協作系統
✅ 檔案夾協作系統頁面載入成功
✅ overview 標籤展示完成
✅ collaborators 標籤展示完成
✅ sharing 標籤展示完成
✅ invitations 標籤展示完成
✅ activity 標籤展示完成
✅ 檔案夾協作系統展示完成
🎬 第九部分: 響應式設計展示
✅ 桌面 視圖展示完成
✅ 平板 視圖展示完成
✅ 手機 視圖展示完成
🎬 第十部分: 最終總結
🎉 EduCreate 完整項目影片證據錄製完成！
📊 完整項目錄製報告: {
  "title": "EduCreate 完整項目成功證明影片",
  "duration": "約 8-10 分鐘",
  "sections": [
    "主頁和統一導航系統",
    "儀表板系統",
    "智能排序系統",
    "檔案夾統計分析",
    "自動保存系統",
    "內容編輯器",
    "檔案管理器",
    "檔案夾協作系統",
    "響應式設計展示",
    "最終總結"
  ],
  "verifiedFeatures": [
    "統一導航系統整合",
    "主儀表板功能展示",
    "智能排序功能",
    "檔案夾統計分析",
    "自動保存系統",
    "內容編輯器",
    "檔案管理器",
    "檔案夾協作系統",
    "響應式設計",
    "跨功能導航"
  ],
  "timestamp": "2025-07-14T14:24:35.095Z",
  "status": "completed"
}

[[ATTACHMENT|e2e-complete-project-video-17c4e-te-完整項目影片證據錄製-錄製所有子項目成功證明影片-Tablet\test-finished-1.png]]

[[ATTACHMENT|e2e-complete-project-video-17c4e-te-完整項目影片證據錄製-錄製所有子項目成功證明影片-Tablet\video.webm]]
]]>
</system-out>
</testcase>
</testsuite>
</testsuites>